---
source: src/lib.rs
expression: xs
---
[
    "atla-pio-03-o048",
    "atla-pio-03-o049",
    "atla-pio-03-o050",
    "atla-pio-03-o051",
    "atla-pio-05-o052",
    "atla-pio-05-o053",
    "atla-pio-05-o054",
    "atla-pio-05-o055",
    "atla-pio-07-o056",
    "atla-pio-07-o057",
    "atla-pio-07-o058",
    "atla-pio-07-o059",
    "atla-pio-09-o060",
    "atla-pio-09-o061",
    "atla-pio-09-o062",
    "atla-pio-09-o063",
    "atla-pio-11-o064",
    "atla-pio-11-o065",
    "atla-pio-11-o066",
    "atla-pio-11-o067",
    "atla-pio-13-o068",
    "atla-pio-13-o069",
    "atla-pio-13-o070",
    "atla-pio-13-o071",
    "atla-pip-03-o072",
    "atla-pip-03-o073",
    "atla-pip-03-o074",
    "atla-pip-03-o075",
    "atla-pip-05-o076",
    "atla-pip-05-o077",
    "atla-pip-05-o078",
    "atla-pip-05-o079",
    "atla-pip-07-o080",
    "atla-pip-07-o081",
    "atla-pip-07-o082",
    "atla-pip-07-o083",
    "atla-pip-11-o088",
    "atla-pip-11-o089",
    "atla-pip-11-o090",
    "atla-pip-11-o091",
    "atla-pip-13-o092",
    "atla-pip-13-o093",
    "atla-pip-13-o094",
    "atla-pip-13-o095",
    "atla-pip-09-o085",
    "atla-pip-09-o087",
    "atla-piq-03-o096",
    "atla-piq-03-o097",
    "atla-piq-03-o098",
    "atla-piq-03-o099",
    "atla-piq-05-o100",
    "atla-piq-05-o101",
    "atla-piq-05-o102",
    "atla-piq-05-o103",
    "atla-piq-07-o104",
    "atla-piq-07-o105",
    "atla-piq-07-o106",
    "atla-piq-07-o107",
    "atla-piq-09-o108",
    "atla-piq-09-o109",
    "atla-piq-09-o110",
    "atla-piq-09-o111",
    "atla-piq-11-o112",
    "atla-piq-11-o113",
    "atla-piq-11-o114",
    "atla-piq-11-o115",
    "atla-piq-13-o116",
    "atla-piq-13-o117",
    "atla-piq-13-o118",
    "atla-piq-13-o119",
    "atla-pir-03-o120",
    "atla-pir-03-o121",
    "atla-pir-03-o122",
    "atla-pir-03-o123",
    "atla-pir-05-o124",
    "atla-pir-05-o125",
    "atla-pir-05-o126",
    "atla-pir-05-o127",
    "atla-pir-07-o128",
    "atla-pir-07-o129",
    "atla-pir-07-o130",
    "atla-pir-07-o131",
    "atla-pir-09-o132",
    "atla-pir-09-o133",
    "atla-pir-09-o134",
    "atla-pir-09-o135",
    "atla-pir-11-o136",
    "atla-pir-11-o137",
    "atla-pir-11-o138",
    "atla-pir-11-o139",
    "atla-pir-13-o140",
    "atla-pir-13-o141",
    "atla-pir-13-o142",
    "atla-pir-13-o143",
    "atla-pis-03-m000",
    "atla-pis-03-m001",
    "atla-pis-03-m002",
    "atla-pis-03-m003",
    "atla-pis-05-o000",
    "atla-pis-05-o001",
    "atla-pis-05-o002",
    "atla-pis-05-o003",
    "atla-pis-07-o004",
    "atla-pis-07-o005",
    "atla-pis-07-o006",
    "atla-pis-07-o007",
    "atla-pis-09-o008",
    "atla-pis-09-o009",
    "atla-pis-09-o010",
    "atla-pis-09-o011",
    "atla-pis-11-o012",
    "atla-pis-11-o013",
    "atla-pis-11-o014",
    "atla-pis-11-o015",
    "atla-pis-13-o016",
    "atla-pis-13-o017",
    "atla-pis-13-o018",
    "atla-pis-13-o019",
    "atla-pis-15-o020",
    "atla-pis-15-o021",
    "atla-pis-15-o022",
    "atla-pis-15-o023",
    "atla-pit-03-m004",
    "atla-pit-03-m005",
    "atla-pit-03-m006",
    "atla-pit-03-m007",
    "atla-pit-05-o024",
    "atla-pit-05-o025",
    "atla-pit-05-o026",
    "atla-pit-05-o027",
    "atla-pit-07-o028",
    "atla-pit-07-o029",
    "atla-pit-07-o030",
    "atla-pit-07-o031",
    "atla-pit-09-o032",
    "atla-pit-09-o033",
    "atla-pit-09-o034",
    "atla-pit-09-o035",
    "atla-pit-11-o036",
    "atla-pit-11-o037",
    "atla-pit-11-o038",
    "atla-pit-11-o039",
    "atla-pit-15-o044",
    "atla-pit-15-o045",
    "atla-pit-15-o046",
    "atla-pit-15-o047",
    "atla-pit-13-o040",
    "atla-pit-13-o042",
]
