---
source: src/lib.rs
expression: "parse(\"hostname[1,-2].iml.com\")"
---
Err(
    Errors {
        position: 11,
        errors: [
            Unexpected(
                Token(
                    '-',
                ),
            ),
            Expected(
                Static(
                    "whitespaces",
                ),
            ),
            Expected(
                Static(
                    "digit",
                ),
            ),
        ],
    },
)
